2015-10-26T16:09:47,958 TRACE [OperationsImpl] entry with (processClient:17893)
2015-10-26T16:09:49,157 TRACE [OperationsImpl] entry with (getData:17894)
2015-10-26T16:09:51,028 TRACE [OperationsImpl] entry with (getActions:17895)
2015-10-26T16:09:52,547 TRACE [OperationsImpl] entry with (processAction:17896)
2015-10-26T16:09:54,403 TRACE [OperationsImpl] entry with (getActions:17897)
2015-10-26T16:09:55,275 TRACE [OperationsImpl] entry with (getActions:17898)
2015-10-26T16:09:56,885 TRACE [OperationsImpl] entry with (processClient:17899)
2015-10-26T16:09:57,902 TRACE [OperationsImpl] entry with (acceptToken:17900)
2015-10-26T16:09:58,285 TRACE [OperationsImpl] entry with (acceptToken:17901)
2015-10-26T16:09:59,778 TRACE [OperationsImpl] entry with (getData:17902)
2015-10-26T16:09:59,797 TRACE [OperationsImpl] entry with (getActions:17903)
2015-10-26T16:10:01,733 TRACE [OperationsImpl] entry with (processAction:17904)
2015-10-26T16:10:02,273 TRACE [OperationsImpl] entry with (getActions:17905)
2015-10-26T16:10:03,697 TRACE [OperationsImpl] entry with (acceptToken:17906)
2015-10-26T16:10:05,005 TRACE [OperationsImpl] entry with (checkAuth:17907)
2015-10-26T16:10:06,055 TRACE [OperationsImpl] entry with (acceptToken:17908)
2015-10-26T16:10:06,831 TRACE [OperationsImpl] entry with (processAction:17909)
2015-10-26T16:10:07,993 TRACE [OperationsImpl] entry with (processClient:17910)
2015-10-26T16:10:08,468 TRACE [OperationsImpl] entry with (getData:17911)
2015-10-26T16:10:09,715 TRACE [OperationsImpl] entry with (processClient:17912)
2015-10-26T16:10:10,551 TRACE [OperationsImpl] entry with (getActions:17913)
2015-10-26T16:10:11,403 TRACE [OperationsImpl] entry with (processAction:17914)
2015-10-26T16:10:12,923 TRACE [OperationsImpl] entry with (checkAuth:17915)
2015-10-26T16:10:13,115 TRACE [OperationsImpl] entry with (getActions:17916)
2015-10-26T16:10:13,666 TRACE [OperationsImpl] entry with (processAction:17917)
2015-10-26T16:10:15,582 TRACE [OperationsImpl] entry with (checkAuth:17918)
2015-10-26T16:10:16,901 TRACE [OperationsImpl] entry with (processAction:17919)
2015-10-26T16:10:17,963 TRACE [OperationsImpl] entry with (acceptToken:17920)
2015-10-26T16:10:19,385 TRACE [OperationsImpl] entry with (acceptToken:17921)
2015-10-26T16:10:19,436 TRACE [OperationsImpl] entry with (getData:17922)
2015-10-26T16:10:21,252 TRACE [OperationsImpl] entry with (processAction:17923)
2015-10-26T16:10:22,987 TRACE [OperationsImpl] entry with (processAction:17924)
2015-10-26T16:10:24,188 TRACE [OperationsImpl] entry with (addClient:17925)
2015-10-26T16:10:25,270 TRACE [OperationsImpl] entry with (addClient:17926)
2015-10-26T16:10:25,899 TRACE [OperationsImpl] entry with (getActions:17927)
2015-10-26T16:10:27,694 TRACE [OperationsImpl] entry with (acceptToken:17928)
2015-10-26T16:10:28,734 TRACE [OperationsImpl] entry with (checkAuth:17929)
2015-10-26T16:10:29,779 TRACE [OperationsImpl] entry with (getActions:17930)
2015-10-26T16:10:30,384 TRACE [OperationsImpl] entry with (acceptToken:17931)
2015-10-26T16:10:31,141 TRACE [OperationsImpl] entry with (checkAuth:17932)
2015-10-26T16:10:32,636 TRACE [OperationsImpl] entry with (addClient:17933)
2015-10-26T16:10:34,278 TRACE [OperationsImpl] entry with (getData:17934)
2015-10-26T16:10:35,657 TRACE [OperationsImpl] entry with (addClient:17935)
2015-10-26T16:10:37,311 TRACE [OperationsImpl] entry with (acceptToken:17936)
2015-10-26T16:10:37,898 TRACE [OperationsImpl] entry with (acceptToken:17937)
2015-10-26T16:10:39,248 TRACE [OperationsImpl] exit with (processClient:17893)
2015-10-26T16:10:40,838 TRACE [OperationsImpl] entry with (addClient:17938)
2015-10-26T16:10:42,569 TRACE [OperationsImpl] exit with (getActions:17895)
2015-10-26T16:10:42,939 TRACE [OperationsImpl] entry with (getActions:17939)
2015-10-26T16:10:44,265 TRACE [OperationsImpl] entry with (processAction:17940)
2015-10-26T16:10:45,918 TRACE [OperationsImpl] entry with (processClient:17941)
2015-10-26T16:10:46,886 TRACE [OperationsImpl] exit with (checkAuth:17907)
2015-10-26T16:10:47,076 TRACE [OperationsImpl] entry with (getData:17942)
2015-10-26T16:10:47,368 TRACE [OperationsImpl] exit with (addClient:17925)
2015-10-26T16:10:47,763 TRACE [OperationsImpl] exit with (checkAuth:17915)
2015-10-26T16:10:49,660 TRACE [OperationsImpl] exit with (getActions:17897)
2015-10-26T16:10:50,885 TRACE [OperationsImpl] exit with (addClient:17926)